{"level":"warn","message":"connect-redis indisponível, usando MemoryStore (não recomendado para produção)","timestamp":"2026-04-30T20:32:09.881Z"}
{"level":"info","message":"🚀 Servidor rodando na porta 3001 [development]","timestamp":"2026-04-30T20:32:19.154Z"}
{"level":"error","message":"Redis error:","timestamp":"2026-04-30T20:32:19.167Z"}
{"level":"warn","message":"Redis: conexão fechada","timestamp":"2026-04-30T20:32:19.168Z"}
{"level":"warn","message":"Redis indisponível - rate limiting usará memória local","timestamp":"2026-04-30T20:32:19.168Z"}
{"level":"error","message":"Redis error:","timestamp":"2026-04-30T20:32:19.372Z"}
{"level":"warn","message":"Redis: conexão fechada","timestamp":"2026-04-30T20:32:19.372Z"}
{"level":"error","message":"Redis error:","timestamp":"2026-04-30T20:32:19.779Z"}
{"level":"warn","message":"Redis: conexão fechada","timestamp":"2026-04-30T20:32:19.779Z"}
{"level":"error","message":"Redis error:","timestamp":"2026-04-30T20:32:20.382Z"}
{"level":"warn","message":"Redis: máximo de tentativas atingido. Usando fallback em memória.","timestamp":"2026-04-30T20:32:20.382Z"}
{"level":"warn","message":"Redis: conexão fechada","timestamp":"2026-04-30T20:32:20.383Z"}
{"level":"info","message":"Login: marco.diretor@manutencao.com (DIRETOR) de ::1","timestamp":"2026-04-30T20:32:51.714Z"}
{"level":"info","message":"Logout: marco.diretor@manutencao.com","timestamp":"2026-04-30T20:37:43.194Z"}
{"level":"info","message":"Login: godoi.gerente@manutencao.com (GERENTE) de ::1","timestamp":"2026-04-30T20:37:52.875Z"}
{"level":"warn","message":"connect-redis indisponível, usando MemoryStore (não recomendado para produção)","timestamp":"2026-04-30T20:56:15.041Z"}
{"level":"info","message":"🚀 Servidor rodando na porta 3001 [development]","timestamp":"2026-04-30T20:56:25.665Z"}
{"level":"error","message":"Redis error:","timestamp":"2026-04-30T20:56:25.673Z"}
{"level":"warn","message":"Redis: conexão fechada","timestamp":"2026-04-30T20:56:25.674Z"}
{"level":"warn","message":"Redis indisponível - rate limiting usará memória local","timestamp":"2026-04-30T20:56:25.681Z"}
{"level":"error","message":"Redis error:","timestamp":"2026-04-30T20:56:25.880Z"}
{"level":"warn","message":"Redis: conexão fechada","timestamp":"2026-04-30T20:56:25.880Z"}
{"level":"error","message":"Redis error:","timestamp":"2026-04-30T20:56:26.298Z"}
{"level":"warn","message":"Redis: conexão fechada","timestamp":"2026-04-30T20:56:26.299Z"}
{"level":"error","message":"Redis error:","timestamp":"2026-04-30T20:56:26.903Z"}
{"level":"warn","message":"Redis: máximo de tentativas atingido. Usando fallback em memória.","timestamp":"2026-04-30T20:56:26.903Z"}
{"level":"warn","message":"Redis: conexão fechada","timestamp":"2026-04-30T20:56:26.904Z"}
{"level":"warn","message":"connect-redis indisponível, usando MemoryStore (não recomendado para produção)","timestamp":"2026-04-30T20:56:42.975Z"}
{"level":"info","message":"🚀 Servidor rodando na porta 3001 [development]","timestamp":"2026-04-30T20:56:43.503Z"}
{"level":"error","message":"Redis error:","timestamp":"2026-04-30T20:56:43.518Z"}
{"level":"warn","message":"Redis: conexão fechada","timestamp":"2026-04-30T20:56:43.519Z"}
{"level":"warn","message":"Redis indisponível - rate limiting usará memória local","timestamp":"2026-04-30T20:56:43.520Z"}
{"level":"error","message":"Redis error:","timestamp":"2026-04-30T20:56:43.730Z"}
{"level":"warn","message":"Redis: conexão fechada","timestamp":"2026-04-30T20:56:43.731Z"}
{"level":"error","message":"Redis error:","timestamp":"2026-04-30T20:56:44.134Z"}
{"level":"warn","message":"Redis: conexão fechada","timestamp":"2026-04-30T20:56:44.135Z"}
{"level":"error","message":"Redis error:","timestamp":"2026-04-30T20:56:44.749Z"}
{"level":"warn","message":"Redis: máximo de tentativas atingido. Usando fallback em memória.","timestamp":"2026-04-30T20:56:44.750Z"}
{"level":"warn","message":"Redis: conexão fechada","timestamp":"2026-04-30T20:56:44.751Z"}
{"level":"warn","message":"connect-redis indisponível, usando MemoryStore (não recomendado para produção)","timestamp":"2026-04-30T21:02:03.302Z"}
{"level":"info","message":"🚀 Servidor rodando na porta 3001 [development]","timestamp":"2026-04-30T21:02:03.924Z"}
{"level":"error","message":"Redis error:","timestamp":"2026-04-30T21:02:03.933Z"}
{"level":"warn","message":"Redis: conexão fechada","timestamp":"2026-04-30T21:02:03.934Z"}
{"level":"warn","message":"Redis indisponível - rate limiting usará memória local","timestamp":"2026-04-30T21:02:03.935Z"}
{"level":"error","message":"Redis error:","timestamp":"2026-04-30T21:02:04.141Z"}
{"level":"warn","message":"Redis: conexão fechada","timestamp":"2026-04-30T21:02:04.141Z"}
{"level":"error","message":"Redis error:","timestamp":"2026-04-30T21:02:04.546Z"}
{"level":"warn","message":"Redis: conexão fechada","timestamp":"2026-04-30T21:02:04.547Z"}
{"level":"error","message":"Redis error:","timestamp":"2026-04-30T21:02:05.156Z"}
{"level":"warn","message":"Redis: máximo de tentativas atingido. Usando fallback em memória.","timestamp":"2026-04-30T21:02:05.156Z"}
{"level":"warn","message":"Redis: conexão fechada","timestamp":"2026-04-30T21:02:05.157Z"}
{"level":"warn","message":"connect-redis indisponível, usando MemoryStore (não recomendado para produção)","timestamp":"2026-04-30T21:03:28.762Z"}
{"level":"info","message":"🚀 Servidor rodando na porta 3001 [development]","timestamp":"2026-04-30T21:03:29.145Z"}
{"level":"error","message":"Redis error:","timestamp":"2026-04-30T21:03:29.153Z"}
{"level":"warn","message":"Redis: conexão fechada","timestamp":"2026-04-30T21:03:29.154Z"}
{"level":"warn","message":"Redis indisponível - rate limiting usará memória local","timestamp":"2026-04-30T21:03:29.154Z"}
{"level":"error","message":"Redis error:","timestamp":"2026-04-30T21:03:29.365Z"}
{"level":"warn","message":"Redis: conexão fechada","timestamp":"2026-04-30T21:03:29.366Z"}
{"level":"error","message":"Redis error:","timestamp":"2026-04-30T21:03:29.782Z"}
{"level":"warn","message":"Redis: conexão fechada","timestamp":"2026-04-30T21:03:29.783Z"}
{"level":"error","message":"Redis error:","timestamp":"2026-04-30T21:03:30.386Z"}
{"level":"warn","message":"Redis: máximo de tentativas atingido. Usando fallback em memória.","timestamp":"2026-04-30T21:03:30.386Z"}
{"level":"warn","message":"Redis: conexão fechada","timestamp":"2026-04-30T21:03:30.387Z"}
{"level":"warn","message":"connect-redis indisponível, usando MemoryStore (não recomendado para produção)","timestamp":"2026-04-30T21:03:50.089Z"}
{"level":"info","message":"🚀 Servidor rodando na porta 3001 [development]","timestamp":"2026-04-30T21:03:50.560Z"}
{"level":"error","message":"Redis error:","timestamp":"2026-04-30T21:03:50.569Z"}
{"level":"warn","message":"Redis: conexão fechada","timestamp":"2026-04-30T21:03:50.570Z"}
{"level":"warn","message":"Redis indisponível - rate limiting usará memória local","timestamp":"2026-04-30T21:03:50.571Z"}
{"level":"error","message":"Redis error:","timestamp":"2026-04-30T21:03:50.780Z"}
{"level":"warn","message":"Redis: conexão fechada","timestamp":"2026-04-30T21:03:50.781Z"}
{"level":"error","message":"Redis error:","timestamp":"2026-04-30T21:03:51.184Z"}
{"level":"warn","message":"Redis: conexão fechada","timestamp":"2026-04-30T21:03:51.185Z"}
{"level":"error","message":"Redis error:","timestamp":"2026-04-30T21:03:51.789Z"}
{"level":"warn","message":"Redis: máximo de tentativas atingido. Usando fallback em memória.","timestamp":"2026-04-30T21:03:51.789Z"}
{"level":"warn","message":"Redis: conexão fechada","timestamp":"2026-04-30T21:03:51.790Z"}
{"level":"info","message":"Logout: godoi.gerente@manutencao.com","timestamp":"2026-04-30T21:08:05.663Z"}
{"level":"info","message":"Login: nathan.coordenador@manutencao.com (COORDENADOR) de ::1","timestamp":"2026-04-30T21:08:13.105Z"}
{"ip":"::1","level":"error","message":"\nInvalid `prisma.controleChamado.update()` invocation in\nC:\\Users\\Luis\\Documents\\PROJETOS\\manutencao\\server\\src\\controllers\\chamado.controller.js:98:50\n\n  95 if (data.dataAprovacao) data.dataAprovacao = new Date(data.dataAprovacao);\n  96 if (data.valor !== undefined) data.valor = data.valor ? parseFloat(data.valor) : null;\n  97 \n→ 98 const chamado = await prisma.controleChamado.update({\n       where: {\n         id: \"3b806e87-aec9-43dd-87a3-4883ea5b8225\"\n       },\n       data: {\n         id: \"3b806e87-aec9-43dd-87a3-4883ea5b8225\",\n         dataAbertura: new Date(\"2026-04-22T00:00:00.000Z\"),\n         numeroChamado: \"CSA-63870\",\n         segmento: \"GERADOR\",\n         empresa: \"FireSafe Sistemas\",\n         descricao: \"Manutenção preventiva/corretiva conforme solicitação da unidade CAMPINAS ABOLIÇÃO.\",\n         regiao: \"SP 08\",\n         unidade: \"CAMPINAS ABOLIÇÃO\",\n         numeroOrcamento: \"ORC-4050\",\n         solicitacao: \"SOL-8443\",\n         dataAprovacao: \"\",\n                        ~~\n         numeroOM: \"OM-2600\",\n         valor: 3815,\n         status: \"FINALIZADO\",\n         mauUso: true,\n         criadoEm: \"2026-04-26T00:06:11.872Z\",\n         atualizadoEm: \"2026-04-26T00:06:11.872Z\"\n       }\n     })\n\nInvalid value for argument `dataAprovacao`: premature end of input. Expected ISO-8601 DateTime.","method":"PUT","requestId":"494502b3-9d76-494f-814b-af734ee9cce2","stack":"PrismaClientValidationError: \nInvalid `prisma.controleChamado.update()` invocation in\nC:\\Users\\Luis\\Documents\\PROJETOS\\manutencao\\server\\src\\controllers\\chamado.controller.js:98:50\n\n  95 if (data.dataAprovacao) data.dataAprovacao = new Date(data.dataAprovacao);\n  96 if (data.valor !== undefined) data.valor = data.valor ? parseFloat(data.valor) : null;\n  97 \n→ 98 const chamado = await prisma.controleChamado.update({\n       where: {\n         id: \"3b806e87-aec9-43dd-87a3-4883ea5b8225\"\n       },\n       data: {\n         id: \"3b806e87-aec9-43dd-87a3-4883ea5b8225\",\n         dataAbertura: new Date(\"2026-04-22T00:00:00.000Z\"),\n         numeroChamado: \"CSA-63870\",\n         segmento: \"GERADOR\",\n         empresa: \"FireSafe Sistemas\",\n         descricao: \"Manutenção preventiva/corretiva conforme solicitação da unidade CAMPINAS ABOLIÇÃO.\",\n         regiao: \"SP 08\",\n         unidade: \"CAMPINAS ABOLIÇÃO\",\n         numeroOrcamento: \"ORC-4050\",\n         solicitacao: \"SOL-8443\",\n         dataAprovacao: \"\",\n                        ~~\n         numeroOM: \"OM-2600\",\n         valor: 3815,\n         status: \"FINALIZADO\",\n         mauUso: true,\n         criadoEm: \"2026-04-26T00:06:11.872Z\",\n         atualizadoEm: \"2026-04-26T00:06:11.872Z\"\n       }\n     })\n\nInvalid value for argument `dataAprovacao`: premature end of input. Expected ISO-8601 DateTime.\n    at ar (C:\\Users\\Luis\\Documents\\PROJETOS\\manutencao\\server\\src\\generated\\prisma\\runtime\\client.js:14:1374)\n    at Gr.handleRequestError (C:\\Users\\Luis\\Documents\\PROJETOS\\manutencao\\server\\src\\generated\\prisma\\runtime\\client.js:69:7929)\n    at Gr.handleAndLogRequestError (C:\\Users\\Luis\\Documents\\PROJETOS\\manutencao\\server\\src\\generated\\prisma\\runtime\\client.js:69:7581)\n    at Gr.request (C:\\Users\\Luis\\Documents\\PROJETOS\\manutencao\\server\\src\\generated\\prisma\\runtime\\client.js:69:7288)\n    at process.processTicksAndRejections (node:internal/process/task_queues:104:5)\n    at async a (C:\\Users\\Luis\\Documents\\PROJETOS\\manutencao\\server\\src\\generated\\prisma\\runtime\\client.js:79:6730)\n    at async atualizar (C:\\Users\\Luis\\Documents\\PROJETOS\\manutencao\\server\\src\\controllers\\chamado.controller.js:98:21)","timestamp":"2026-04-30T21:26:55.526Z","url":"/api/v1/chamados/3b806e87-aec9-43dd-87a3-4883ea5b8225","user":"61baba7b-aefb-4523-8f7d-c0a02fd0c73c"}
{"ip":"::1","level":"error","message":"\nInvalid `prisma.controleChamado.update()` invocation in\nC:\\Users\\Luis\\Documents\\PROJETOS\\manutencao\\server\\src\\controllers\\chamado.controller.js:98:50\n\n  95 if (data.dataAprovacao) data.dataAprovacao = new Date(data.dataAprovacao);\n  96 if (data.valor !== undefined) data.valor = data.valor ? parseFloat(data.valor) : null;\n  97 \n→ 98 const chamado = await prisma.controleChamado.update({\n       where: {\n         id: \"3b806e87-aec9-43dd-87a3-4883ea5b8225\"\n       },\n       data: {\n         id: \"3b806e87-aec9-43dd-87a3-4883ea5b8225\",\n         dataAbertura: new Date(\"2026-04-22T00:00:00.000Z\"),\n         numeroChamado: \"CSA-63870\",\n         segmento: \"GERADOR\",\n         empresa: \"FireSafe Sistemas\",\n         descricao: \"Manutenção preventiva/corretiva conforme solicitação da unidade CAMPINAS ABOLIÇÃO.\",\n         regiao: \"SP 08\",\n         unidade: \"CAMPINAS ABOLIÇÃO\",\n         numeroOrcamento: \"ORC-4050\",\n         solicitacao: \"SOL-8443\",\n         dataAprovacao: \"\",\n                        ~~\n         numeroOM: \"OM-2600\",\n         valor: 3815,\n         status: \"FINALIZADO\",\n         mauUso: true,\n         criadoEm: \"2026-04-26T00:06:11.872Z\",\n         atualizadoEm: \"2026-04-26T00:06:11.872Z\"\n       }\n     })\n\nInvalid value for argument `dataAprovacao`: premature end of input. Expected ISO-8601 DateTime.","method":"PUT","requestId":"52f86137-4836-485c-bac2-b03ce4833769","stack":"PrismaClientValidationError: \nInvalid `prisma.controleChamado.update()` invocation in\nC:\\Users\\Luis\\Documents\\PROJETOS\\manutencao\\server\\src\\controllers\\chamado.controller.js:98:50\n\n  95 if (data.dataAprovacao) data.dataAprovacao = new Date(data.dataAprovacao);\n  96 if (data.valor !== undefined) data.valor = data.valor ? parseFloat(data.valor) : null;\n  97 \n→ 98 const chamado = await prisma.controleChamado.update({\n       where: {\n         id: \"3b806e87-aec9-43dd-87a3-4883ea5b8225\"\n       },\n       data: {\n         id: \"3b806e87-aec9-43dd-87a3-4883ea5b8225\",\n         dataAbertura: new Date(\"2026-04-22T00:00:00.000Z\"),\n         numeroChamado: \"CSA-63870\",\n         segmento: \"GERADOR\",\n         empresa: \"FireSafe Sistemas\",\n         descricao: \"Manutenção preventiva/corretiva conforme solicitação da unidade CAMPINAS ABOLIÇÃO.\",\n         regiao: \"SP 08\",\n         unidade: \"CAMPINAS ABOLIÇÃO\",\n         numeroOrcamento: \"ORC-4050\",\n         solicitacao: \"SOL-8443\",\n         dataAprovacao: \"\",\n                        ~~\n         numeroOM: \"OM-2600\",\n         valor: 3815,\n         status: \"FINALIZADO\",\n         mauUso: true,\n         criadoEm: \"2026-04-26T00:06:11.872Z\",\n         atualizadoEm: \"2026-04-26T00:06:11.872Z\"\n       }\n     })\n\nInvalid value for argument `dataAprovacao`: premature end of input. Expected ISO-8601 DateTime.\n    at ar (C:\\Users\\Luis\\Documents\\PROJETOS\\manutencao\\server\\src\\generated\\prisma\\runtime\\client.js:14:1374)\n    at Gr.handleRequestError (C:\\Users\\Luis\\Documents\\PROJETOS\\manutencao\\server\\src\\generated\\prisma\\runtime\\client.js:69:7929)\n    at Gr.handleAndLogRequestError (C:\\Users\\Luis\\Documents\\PROJETOS\\manutencao\\server\\src\\generated\\prisma\\runtime\\client.js:69:7581)\n    at Gr.request (C:\\Users\\Luis\\Documents\\PROJETOS\\manutencao\\server\\src\\generated\\prisma\\runtime\\client.js:69:7288)\n    at process.processTicksAndRejections (node:internal/process/task_queues:104:5)\n    at async a (C:\\Users\\Luis\\Documents\\PROJETOS\\manutencao\\server\\src\\generated\\prisma\\runtime\\client.js:79:6730)\n    at async atualizar (C:\\Users\\Luis\\Documents\\PROJETOS\\manutencao\\server\\src\\controllers\\chamado.controller.js:98:21)","timestamp":"2026-04-30T21:27:54.464Z","url":"/api/v1/chamados/3b806e87-aec9-43dd-87a3-4883ea5b8225","user":"61baba7b-aefb-4523-8f7d-c0a02fd0c73c"}
{"level":"warn","message":"connect-redis indisponível, usando MemoryStore (não recomendado para produção)","timestamp":"2026-04-30T21:28:50.749Z"}
{"level":"info","message":"🚀 Servidor rodando na porta 3001 [development]","timestamp":"2026-04-30T21:28:51.172Z"}
{"level":"error","message":"Redis error:","timestamp":"2026-04-30T21:28:51.181Z"}
{"level":"warn","message":"Redis: conexão fechada","timestamp":"2026-04-30T21:28:51.182Z"}
{"level":"warn","message":"Redis indisponível - rate limiting usará memória local","timestamp":"2026-04-30T21:28:51.182Z"}
{"level":"error","message":"Redis error:","timestamp":"2026-04-30T21:28:51.390Z"}
{"level":"warn","message":"Redis: conexão fechada","timestamp":"2026-04-30T21:28:51.391Z"}
{"level":"error","message":"Redis error:","timestamp":"2026-04-30T21:28:51.797Z"}
{"level":"warn","message":"Redis: conexão fechada","timestamp":"2026-04-30T21:28:51.797Z"}
{"level":"error","message":"Redis error:","timestamp":"2026-04-30T21:28:52.399Z"}
{"level":"warn","message":"Redis: máximo de tentativas atingido. Usando fallback em memória.","timestamp":"2026-04-30T21:28:52.399Z"}
{"level":"warn","message":"Redis: conexão fechada","timestamp":"2026-04-30T21:28:52.400Z"}
